\o Program:		@(#)$CDS: cdsLibEditor version 6.1.7 - CAT35 01/28/2016 23:43 (sjfnl179) $
\o Sub version:		sub-version  IC6.1.7 - CAT35.15s004 
\o Arguments:		-display :0.0 -mpssession virtuoso8084 -mpshost IC -namespace CDBA -cdslib /home/IC/work/tsmc18_1p5m_1fF/cds.lib 
\o Working Directory:	IC:/home/IC/work/tsmc18_1p5m_1fF
\o 64-bit offsets
\a nrSetWindowVisibility(cdsLibEditor "show")
\o Qt version: 		4.8.5
\a nrSetCurrentWindow(cdsLibEditor)
\a nrListItemAction(cdsLibEditor->mainTable 0 0)
\o Active cell: 0 0 "tsmc18"
\a nrResizeWindow(cdsLibEditor list(2 77 500 400))
\a nrResizeWindow(cdsLibEditor list(749 183 500 400))
\a nrSetCurrentWindow(cdsLibEditor)
\a nrListItemAction(cdsLibEditor->mainTable 1 0)
\o Active cell: 1 0 ""
\a nrListItemAction(cdsLibEditor->mainTable 1 1)
\o Active cell: 1 1 ""
\a cdsLibEditor->editAddLibButton->value = t
\a newLibraryDialog->filePathComboBox->value = "/home/IC/work/tsmc18_1p5m_1fF"
\a newLibraryDialog->useMappedName->value = nil
\a nrSetWindowVisibility(newLibraryDialog "show")
\a nrSetCurrentWindow(newLibraryDialog)
\a nrResizeWindow(newLibraryDialog list(734 172 531 513))
\a newLibraryDialog->dirListWidget->value = ".."
\a newLibraryDialog->filePathComboBox->value = "/home/IC/work/tsmc18_1p5m_1fF/.."
\a newLibraryDialog->dirListWidget->value = nil
\a newLibraryDialog->filePathComboBox->value = "/home/IC/work/tsmc18_1p5m_1fF"
\a nrListItemAction(newLibraryDialog->dirListWidget 0 0)
\a newLibraryDialog->filePathComboBox->value = "/home/IC/work"
\a newLibraryDialog->dirListWidget->value = ".."
\a newLibraryDialog->filePathComboBox->value = "/home/IC/work/.."
\a nrListItemAction(newLibraryDialog->dirListWidget 0 0)
\a newLibraryDialog->filePathComboBox->value = "/home/IC"
\a newLibraryDialog->dirListWidget->value = nil
\a newLibraryDialog->dirListWidget->value = ".."
\a newLibraryDialog->filePathComboBox->value = "/home/IC/.."
\a nrListItemAction(newLibraryDialog->dirListWidget 0 0)
\a newLibraryDialog->filePathComboBox->value = "/home"
\a newLibraryDialog->dirListWidget->value = nil
\a newLibraryDialog->dirListWidget->value = ".."
\a newLibraryDialog->filePathComboBox->value = "/home/.."
\a nrListItemAction(newLibraryDialog->dirListWidget 0 0)
\a newLibraryDialog->filePathComboBox->value = "/"
\a newLibraryDialog->dirListWidget->value = nil
\a newLibraryDialog->dirListWidget->value = "opt"
\a newLibraryDialog->filePathComboBox->value = "//opt"
\a newLibraryDialog->dirListWidget->value = nil
\a newLibraryDialog->filePathComboBox->value = "/"
\a nrListItemAction(newLibraryDialog->dirListWidget 13 0)
\a newLibraryDialog->filePathComboBox->value = "/opt"
\a newLibraryDialog->dirListWidget->value = "Cadence"
\a newLibraryDialog->filePathComboBox->value = "/opt/Cadence"
\a nrListItemAction(newLibraryDialog->dirListWidget 1 0)
\a newLibraryDialog->dirListWidget->value = nil
\a newLibraryDialog->dirListWidget->value = "IC617"
\a newLibraryDialog->filePathComboBox->value = "/opt/Cadence/IC617"
\a nrListItemAction(newLibraryDialog->dirListWidget 2 0)
\a newLibraryDialog->dirListWidget->value = nil
\a newLibraryDialog->dirListWidget->value = "tools"
\a newLibraryDialog->filePathComboBox->value = "/opt/Cadence/IC617/tools"
\a nrListItemAction(newLibraryDialog->dirListWidget 11 0)
\a newLibraryDialog->dirListWidget->value = nil
\a newLibraryDialog->dirListWidget->value = "dfII"
\a newLibraryDialog->filePathComboBox->value = "/opt/Cadence/IC617/tools/dfII"
\a newLibraryDialog->dirListWidget->value = nil
\a newLibraryDialog->filePathComboBox->value = "/opt/Cadence/IC617/tools"
\a nrListItemAction(newLibraryDialog->dirListWidget 9 0)
\a newLibraryDialog->filePathComboBox->value = "/opt/Cadence/IC617/tools/dfII"
\a newLibraryDialog->dirListWidget->value = "etc"
\a newLibraryDialog->filePathComboBox->value = "/opt/Cadence/IC617/tools/dfII/etc"
\a nrListItemAction(newLibraryDialog->dirListWidget 3 0)
\a newLibraryDialog->dirListWidget->value = nil
\a newLibraryDialog->libraryListBox->value = "cdsDefTechLib"
\a newLibraryDialog->useMappedName->value = t
\a newLibraryDialog->libraryName->value = "cdsDefTechLib"
\a newLibraryDialog->applyButton->value = t
\a nrListItemRename(cdsLibEditor->mainTable, 1 1 "/opt/Cadence/IC617/tools/dfII/etc/cdsDefTechLib")
\a newLibraryDialog->libraryListBox->value = nil
\a newLibraryDialog->useMappedName->value = nil
\a newLibraryDialog->libraryName->value = ""
\a nrListItemAction(cdsLibEditor->mainTable 2 0)
\o Active cell: 2 0 ""
\a newLibraryDialog->libraryListBox->value = "cdsDefTechLib"
\a newLibraryDialog->useMappedName->value = t
\a newLibraryDialog->libraryName->value = "cdsDefTechLib"
\a newLibraryDialog->okButton->value = t
\o ERROR (CLE-218): Library "cdsDefTechLib" has already been defined. \nSpecify another library name. 
\a nrSetWindowVisibility(errorDialog "show")
\a nrSetCurrentWindow(cdsLibEditor)
\a nrSetCurrentWindow(errorDialog)
\a nrResizeWindow(errorDialog list(834 301 331 122))
\a errorDialog->errorOkButton->value = t
\a nrSetCurrentWindow(cdsLibEditor)
\a cdsLibEditor->editAddLibButton->value = t
\a newLibraryDialog->libraryName->value = ""
\a newLibraryDialog->filePathComboBox->value = "/home/IC/work/tsmc18_1p5m_1fF"
\a newLibraryDialog->libraryListBox->value = nil
\a newLibraryDialog->useMappedName->value = nil
\a nrSetWindowVisibility(newLibraryDialog "show")
\a nrSetCurrentWindow(newLibraryDialog)
\a nrResizeWindow(newLibraryDialog list(734 172 531 513))
\a newLibraryDialog->dirListWidget->value = ".."
\a newLibraryDialog->filePathComboBox->value = "/home/IC/work/tsmc18_1p5m_1fF/.."
\a nrListItemAction(newLibraryDialog->dirListWidget 0 0)
\a newLibraryDialog->filePathComboBox->value = "/home/IC/work"
\a newLibraryDialog->dirListWidget->value = nil
\a newLibraryDialog->dirListWidget->value = ".."
\a newLibraryDialog->filePathComboBox->value = "/home/IC/work/.."
\a nrListItemAction(newLibraryDialog->dirListWidget 0 0)
\a newLibraryDialog->filePathComboBox->value = "/home/IC"
\a newLibraryDialog->dirListWidget->value = nil
\a newLibraryDialog->dirListWidget->value = ".."
\a newLibraryDialog->filePathComboBox->value = "/home/IC/.."
\a nrListItemAction(newLibraryDialog->dirListWidget 0 0)
\a newLibraryDialog->filePathComboBox->value = "/home"
\a newLibraryDialog->dirListWidget->value = nil
\a newLibraryDialog->dirListWidget->value = ".."
\a newLibraryDialog->filePathComboBox->value = "/home/.."
\a nrListItemAction(newLibraryDialog->dirListWidget 0 0)
\a newLibraryDialog->filePathComboBox->value = "/"
\a newLibraryDialog->dirListWidget->value = nil
\a newLibraryDialog->dirListWidget->value = ".."
\a newLibraryDialog->filePathComboBox->value = "//.."
\a nrListItemAction(newLibraryDialog->dirListWidget 0 0)
\a newLibraryDialog->dirListWidget->value = "opt"
\a newLibraryDialog->filePathComboBox->value = "//opt"
\a nrListItemAction(newLibraryDialog->dirListWidget 13 0)
\a newLibraryDialog->filePathComboBox->value = "/opt"
\a newLibraryDialog->dirListWidget->value = nil
\a newLibraryDialog->dirListWidget->value = "Cadence"
\a newLibraryDialog->filePathComboBox->value = "/opt/Cadence"
\a newLibraryDialog->dirListWidget->value = nil
\a newLibraryDialog->filePathComboBox->value = "/opt"
\a newLibraryDialog->dirListWidget->value = "Cadence"
\a newLibraryDialog->filePathComboBox->value = "/opt/Cadence"
\a newLibraryDialog->dirListWidget->value = nil
\a newLibraryDialog->filePathComboBox->value = "/opt"
\a nrListItemAction(newLibraryDialog->dirListWidget 1 0)
\a newLibraryDialog->filePathComboBox->value = "/opt/Cadence"
\a newLibraryDialog->dirListWidget->value = "IC617"
\a newLibraryDialog->filePathComboBox->value = "/opt/Cadence/IC617"
\a nrListItemAction(newLibraryDialog->dirListWidget 2 0)
\a newLibraryDialog->dirListWidget->value = nil
\a newLibraryDialog->dirListWidget->value = "etc"
\a newLibraryDialog->filePathComboBox->value = "/opt/Cadence/IC617/etc"
\a nrListItemAction(newLibraryDialog->dirListWidget 5 0)
\a newLibraryDialog->dirListWidget->value = nil
\a newLibraryDialog->dirListWidget->value = "ssvtools"
\a newLibraryDialog->filePathComboBox->value = "/opt/Cadence/IC617/etc/ssvtools"
\a nrListItemAction(newLibraryDialog->dirListWidget 2 0)
\a newLibraryDialog->dirListWidget->value = nil
\a newLibraryDialog->dirListWidget->value = "misc"
\a newLibraryDialog->filePathComboBox->value = "/opt/Cadence/IC617/etc/ssvtools/misc"
\a nrListItemAction(newLibraryDialog->dirListWidget 1 0)
\a newLibraryDialog->dirListWidget->value = nil
\a newLibraryDialog->dirListWidget->value = ".."
\a newLibraryDialog->filePathComboBox->value = "/opt/Cadence/IC617/etc/ssvtools/misc/.."
\a nrListItemAction(newLibraryDialog->dirListWidget 0 0)
\a newLibraryDialog->filePathComboBox->value = "/opt/Cadence/IC617/etc/ssvtools"
\a newLibraryDialog->dirListWidget->value = nil
\a newLibraryDialog->dirListWidget->value = ".."
\a newLibraryDialog->filePathComboBox->value = "/opt/Cadence/IC617/etc/ssvtools/.."
\a nrListItemAction(newLibraryDialog->dirListWidget 0 0)
\a newLibraryDialog->filePathComboBox->value = "/opt/Cadence/IC617/etc"
\a newLibraryDialog->dirListWidget->value = nil
\a newLibraryDialog->dirListWidget->value = "edp"
\a newLibraryDialog->filePathComboBox->value = "/opt/Cadence/IC617/etc/edp"
\a nrListItemAction(newLibraryDialog->dirListWidget 1 0)
\a newLibraryDialog->dirListWidget->value = nil
\a newLibraryDialog->dirListWidget->value = ".."
\a newLibraryDialog->filePathComboBox->value = "/opt/Cadence/IC617/etc/edp/.."
\a nrListItemAction(newLibraryDialog->dirListWidget 0 0)
\a newLibraryDialog->filePathComboBox->value = "/opt/Cadence/IC617/etc"
\a newLibraryDialog->dirListWidget->value = nil
\a newLibraryDialog->dirListWidget->value = ".."
\a newLibraryDialog->filePathComboBox->value = "/opt/Cadence/IC617/etc/.."
\a nrListItemAction(newLibraryDialog->dirListWidget 0 0)
\a newLibraryDialog->filePathComboBox->value = "/opt/Cadence/IC617"
\a newLibraryDialog->dirListWidget->value = nil
\a newLibraryDialog->dirListWidget->value = "tools"
\a newLibraryDialog->filePathComboBox->value = "/opt/Cadence/IC617/tools"
\a nrListItemAction(newLibraryDialog->dirListWidget 11 0)
\a newLibraryDialog->dirListWidget->value = nil
\a newLibraryDialog->dirListWidget->value = ".."
\a newLibraryDialog->filePathComboBox->value = "/opt/Cadence/IC617/tools/.."
\a newLibraryDialog->dirListWidget->value = nil
\a newLibraryDialog->filePathComboBox->value = "/opt/Cadence/IC617/tools"
\a newLibraryDialog->dirListWidget->value = ".."
\a newLibraryDialog->filePathComboBox->value = "/opt/Cadence/IC617/tools/.."
\a newLibraryDialog->dirListWidget->value = nil
\a newLibraryDialog->filePathComboBox->value = "/opt/Cadence/IC617/tools"
\a nrListItemAction(newLibraryDialog->dirListWidget 0 0)
\a newLibraryDialog->filePathComboBox->value = "/opt/Cadence/IC617"
\a newLibraryDialog->dirListWidget->value = "etc"
\a newLibraryDialog->filePathComboBox->value = "/opt/Cadence/IC617/etc"
\a nrListItemAction(newLibraryDialog->dirListWidget 5 0)
\a newLibraryDialog->dirListWidget->value = nil
\a newLibraryDialog->dirListWidget->value = "edp"
\a newLibraryDialog->filePathComboBox->value = "/opt/Cadence/IC617/etc/edp"
\a nrListItemAction(newLibraryDialog->dirListWidget 1 0)
\a newLibraryDialog->dirListWidget->value = nil
\a newLibraryDialog->dirListWidget->value = ".."
\a newLibraryDialog->filePathComboBox->value = "/opt/Cadence/IC617/etc/edp/.."
\a nrListItemAction(newLibraryDialog->dirListWidget 0 0)
\a newLibraryDialog->filePathComboBox->value = "/opt/Cadence/IC617/etc"
\a newLibraryDialog->dirListWidget->value = nil
\a newLibraryDialog->dirListWidget->value = "ssvtools"
\a newLibraryDialog->filePathComboBox->value = "/opt/Cadence/IC617/etc/ssvtools"
\a nrListItemAction(newLibraryDialog->dirListWidget 2 0)
\a newLibraryDialog->dirListWidget->value = nil
\a newLibraryDialog->dirListWidget->value = "misc"
\a newLibraryDialog->filePathComboBox->value = "/opt/Cadence/IC617/etc/ssvtools/misc"
\a nrListItemAction(newLibraryDialog->dirListWidget 1 0)
\a newLibraryDialog->dirListWidget->value = nil
\a newLibraryDialog->dirListWidget->value = ".."
\a newLibraryDialog->filePathComboBox->value = "/opt/Cadence/IC617/etc/ssvtools/misc/.."
\a nrListItemAction(newLibraryDialog->dirListWidget 0 0)
\a newLibraryDialog->filePathComboBox->value = "/opt/Cadence/IC617/etc/ssvtools"
\a newLibraryDialog->dirListWidget->value = nil
\a newLibraryDialog->dirListWidget->value = ".."
\a newLibraryDialog->filePathComboBox->value = "/opt/Cadence/IC617/etc/ssvtools/.."
\a nrListItemAction(newLibraryDialog->dirListWidget 0 0)
\a newLibraryDialog->filePathComboBox->value = "/opt/Cadence/IC617/etc"
\a newLibraryDialog->dirListWidget->value = nil
\a newLibraryDialog->dirListWidget->value = ".."
\a newLibraryDialog->filePathComboBox->value = "/opt/Cadence/IC617/etc/.."
\a nrListItemAction(newLibraryDialog->dirListWidget 0 0)
\a newLibraryDialog->filePathComboBox->value = "/opt/Cadence/IC617"
\a newLibraryDialog->dirListWidget->value = nil
\a newLibraryDialog->dirListWidget->value = ".."
\a newLibraryDialog->filePathComboBox->value = "/opt/Cadence/IC617/.."
\a nrListItemAction(newLibraryDialog->dirListWidget 0 0)
\a newLibraryDialog->filePathComboBox->value = "/opt/Cadence"
\a newLibraryDialog->dirListWidget->value = nil
\a newLibraryDialog->dirListWidget->value = "MMSIM15"
\a newLibraryDialog->filePathComboBox->value = "/opt/Cadence/MMSIM15"
\a nrListItemAction(newLibraryDialog->dirListWidget 6 0)
\a newLibraryDialog->dirListWidget->value = nil
\a newLibraryDialog->dirListWidget->value = "tools"
\a newLibraryDialog->filePathComboBox->value = "/opt/Cadence/MMSIM15/tools"
\a nrListItemAction(newLibraryDialog->dirListWidget 9 0)
\a newLibraryDialog->dirListWidget->value = nil
\a newLibraryDialog->dirListWidget->value = ".."
\a newLibraryDialog->filePathComboBox->value = "/opt/Cadence/MMSIM15/tools/.."
\a nrListItemAction(newLibraryDialog->dirListWidget 0 0)
\a newLibraryDialog->filePathComboBox->value = "/opt/Cadence/MMSIM15"
\a newLibraryDialog->dirListWidget->value = nil
\a newLibraryDialog->dirListWidget->value = ".."
\a newLibraryDialog->filePathComboBox->value = "/opt/Cadence/MMSIM15/.."
\a nrListItemAction(newLibraryDialog->dirListWidget 0 0)
\a newLibraryDialog->filePathComboBox->value = "/opt/Cadence"
\a newLibraryDialog->dirListWidget->value = nil
\a newLibraryDialog->dirListWidget->value = ".."
\a newLibraryDialog->filePathComboBox->value = "/opt/Cadence/.."
\a nrListItemAction(newLibraryDialog->dirListWidget 0 0)
\a newLibraryDialog->filePathComboBox->value = "/opt"
\a newLibraryDialog->dirListWidget->value = nil
\a newLibraryDialog->dirListWidget->value = ".."
\a newLibraryDialog->filePathComboBox->value = "/opt/.."
\a nrListItemAction(newLibraryDialog->dirListWidget 0 0)
\a newLibraryDialog->filePathComboBox->value = "/"
\a newLibraryDialog->dirListWidget->value = nil
\a newLibraryDialog->dirListWidget->value = "etc"
\a newLibraryDialog->filePathComboBox->value = "//etc"
\a nrListItemAction(newLibraryDialog->dirListWidget 5 0)
\a newLibraryDialog->filePathComboBox->value = "/etc"
\a newLibraryDialog->dirListWidget->value = nil
\a newLibraryDialog->dirListWidget->value = ".."
\a newLibraryDialog->filePathComboBox->value = "/etc/.."
\a nrListItemAction(newLibraryDialog->dirListWidget 0 0)
\a newLibraryDialog->filePathComboBox->value = "/"
\a newLibraryDialog->dirListWidget->value = nil
\a newLibraryDialog->dirListWidget->value = "opt"
\a newLibraryDialog->filePathComboBox->value = "//opt"
\a newLibraryDialog->dirListWidget->value = nil
\a newLibraryDialog->filePathComboBox->value = "/"
\a newLibraryDialog->dirListWidget->value = "opt"
\a newLibraryDialog->filePathComboBox->value = "//opt"
\a newLibraryDialog->dirListWidget->value = nil
\a newLibraryDialog->filePathComboBox->value = "/"
\a nrListItemAction(newLibraryDialog->dirListWidget 13 0)
\a newLibraryDialog->filePathComboBox->value = "/opt"
\a newLibraryDialog->dirListWidget->value = "Cadence"
\a newLibraryDialog->filePathComboBox->value = "/opt/Cadence"
\a nrListItemAction(newLibraryDialog->dirListWidget 1 0)
\a newLibraryDialog->dirListWidget->value = nil
\a newLibraryDialog->dirListWidget->value = "IC617"
\a newLibraryDialog->filePathComboBox->value = "/opt/Cadence/IC617"
\a nrListItemAction(newLibraryDialog->dirListWidget 2 0)
\a newLibraryDialog->dirListWidget->value = nil
\a newLibraryDialog->dirListWidget->value = "share"
\a newLibraryDialog->filePathComboBox->value = "/opt/Cadence/IC617/share"
\a nrListItemAction(newLibraryDialog->dirListWidget 10 0)
\a newLibraryDialog->dirListWidget->value = nil
\a newLibraryDialog->dirListWidget->value = "cdssetup"
\a newLibraryDialog->filePathComboBox->value = "/opt/Cadence/IC617/share/cdssetup"
\a nrListItemAction(newLibraryDialog->dirListWidget 6 0)
\a newLibraryDialog->dirListWidget->value = nil
\a newLibraryDialog->dirListWidget->value = "dfII"
\a newLibraryDialog->filePathComboBox->value = "/opt/Cadence/IC617/share/cdssetup/dfII"
\a nrListItemAction(newLibraryDialog->dirListWidget 7 0)
\a newLibraryDialog->dirListWidget->value = nil
\a nrSetCurrentWindow(cdsLibEditor)
\a cdsLibEditor->fileSaveButton->value = t
\a cdsLibEditor->fileExitButton->value = t
\a nrSetWindowVisibility(cdsLibEditor "hide")
\a exit(0)
