match library name:tsmc18
Total Case Selection:2
*Available types of MIMCAP are: 
   1 - 1.0fF
   2 - 2.0fF
Please enter your choice: (1,2...)
<MIMCAP selection is [1]1.0fF>

*Available types of PROC are: 
   1 - 1P6M_4X1N(8K TM)
   2 - 1P5M_3X1N(8K TM)
   3 - 1P4M_2X1N(8K TM)
Please enter your choice: (1,2...)
<PROC selection is [2]1P5M_3X1N(8K TM)>

Please enter your Installation Directory Name: 
Please confirm with your selection : 
*********************************************************
*** Select MIMCAP : 1.0fF
*** Select PROC : 1P5M_3X1N(8K TM)
*** Install to directory : tsmc18_1p5m_1fF
*********************************************************
[Question] Are these correct (y|n) ?
====== Unpacking tar files ======
>>> Unpacking tsmc18_lib.tar.gz ......Complete 
>>> Unpacking tsmc18_models.tar.gz ......Complete 
>>> Unpacking tsmc18_techfiles.tar.gz ......Complete 
>>> Unpacking DOC_tsmc18.tar.gz ......Complete 
====== Installing pdk library ======
Define MIMCAP
Running "cp -f PDK_doc/ReleaseNote.txt ReleaseNote.txt" ......
Running "cp -f TechFiles/display.drf display.drf" ......
Running "cp -f TechFiles/font.map font.map" ......
Running "cp -f TechFiles/techfile.5m8k techfile" ......
Running "mkdir Assura" ......
Running "mkdir Assura/drc" ......
Running "mkdir Assura/lvs_rcx" ......
Running "cp -f TechFiles/Assura/assura_tech.lib ." ......
Running "cp -f TechFiles/Assura/source.added Assura/lvs_rcx/source.added" ......
Running "cp -f TechFiles/Assura/techRuleSets.5m Assura/techRuleSets" ......
Running "cp -rf TechFiles/Assura_LVS_RCX/5m/8k1p0/* Assura/lvs_rcx" ......
Running "cp -rf TechFiles/Calibre ." ......
Running "mkdir Calibre/drc" ......
Running "mkdir Calibre/lvs" ......
Running "mkdir Calibre/rcx" ......
Running "cp -rf TechFiles/Calibre/source.added Calibre/lvs/" ......
Running "cp -rf TechFiles/Calibre/source.added Calibre/rcx/" ......
Running "cp -rf TechFiles/Calibre/calview.cellmap Calibre/rcx/" ......
Running "cp -f TechFiles/Calibre_DRC/calibre.drc.5m8k Calibre/drc/calibre.drc" ......
Running "cp -f TechFiles/Calibre_RCX/rules.5m8k Calibre/rcx/rules" ......
Running "rm -rf  tsmc18/M1_DIFF" ......
Running "rm -rf  tsmc18/M1_NACTIVE" ......
Running "rm -rf  tsmc18/M1_NPOLY1" ......
Running "rm -rf  tsmc18/M1_NWELL" ......
Running "rm -rf  tsmc18/M1_PACTIVE" ......
Running "rm -rf  tsmc18/M1_POLY1" ......
Running "rm -rf  tsmc18/M1_PPOLY1" ......
Running "rm -rf  tsmc18/M1_SUB" ......
Running "rm -rf  tsmc18/M2_M1" ......
Running "rm -rf  tsmc18/M3_M2" ......
Running "rm -rf  tsmc18/M4_M3" ......
Running "rm -rf  tsmc18/M5_M4" ......
Running "rm -rf  tsmc18/M6_M5" ......
Running "rm -rf  tsmc18/MD_M4" ......
Running "rm -rf  tsmc18/MD_M5" ......
Running "rm -rf  tsmc18/MD_M6" ......
Running "rm -rf  tsmc18/MICO_M3" ......
Running "rm -rf  tsmc18/MICO_M4" ......
Running "rm -rf  tsmc18/MICO_M5" ......
Running "rm -rf  tsmc18/m1_T" ......
Running "rm -rf  tsmc18/m2_T" ......
Running "rm -rf  tsmc18/m3_T" ......
Running "rm -rf  tsmc18/m4_T" ......
Running "rm -rf  tsmc18/m5_T" ......
Running "rm -rf  tsmc18/m6_T" ......
Running "rm -rf  tsmc18/md_T" ......
Running "rm -rf  tsmc18/mico_T" ......
Running "rm -rf  tsmc18/poly1_T" ......
Running "tar -xf TechFiles/lib_5m8k.tar" ......
Running "rm -rf tsmc18/rmt_m6" ......
Running "mv -f  tsmc18/rmt_m5    tsmc18/rmt" ......
Running "rm -rf tsmc18/rmt_m4" ......
Running "rm -rf tsmc18/rm5" ......
Running "rm -rf tsmc18/crtmom_m6" ......
Running "mv -f  tsmc18/crtmom_m5 tsmc18/crtmom" ......
Running "rm -rf tsmc18/crtmom_m4" ......
Running "mv -f  tsmc18/cfmom_m5  tsmc18/cfmom" ......
Running "rm -rf tsmc18/cfmom_m6" ......
Running "rm -rf tsmc18/cfmom_m4" ......
Running "mv -f  tsmc18/cfmom_mx_m5 tsmc18/cfmom_mx" ......
Running "rm -rf tsmc18/cfmom_mx_m6" ......
Running "rm -rf tsmc18/cfmom_mx_m4" ......
Running "rm -rf tsmc18/mimcap_1p0_sin_m6" ......
Running "mv -f  tsmc18/mimcap_1p0_sin_m5 tsmc18/mimcap_1p0_sin" ......
Running "rm -rf tsmc18/mimcap_1p0_sin_m4" ......
Running "rm -rf tsmc18/mimcap_1p0_sin_3t_m6" ......
Running "mv -f  tsmc18/mimcap_1p0_sin_3t_m5 tsmc18/mimcap_1p0_sin_3t" ......
Running "rm -rf tsmc18/mimcap_1p0_sin_3t_m4" ......
Running "rm -rf tsmc18/mimcap_2p0_sin_m6" ......
Running "rm -rf tsmc18/mimcap_2p0_sin_m5" ......
Running "rm -rf tsmc18/mimcap_2p0_sin_m4" ......
Running "rm -rf tsmc18/mimcap_2p0_sin_3t_m6" ......
Running "rm -rf tsmc18/mimcap_2p0_sin_3t_m5" ......
Running "rm -rf tsmc18/mimcap_2p0_sin_3t_m4" ......
Running "cp -f TechFiles/Assura_DRC/5m/8k1p0/* Assura/drc" ......
Running "cp -f TechFiles/Assura/switches_PDK_LVS.8k1p0 Assura/lvs_rcx/switches_PDK_LVS" ......
Running "cp -f TechFiles/Calibre_DRC/ant.drc.5m8k1p0 Calibre/drc/ant.drc" ......
Running "cp -f TechFiles/Calibre_LVS/calibre.lvs.5m8k1p0 Calibre/lvs/calibre.lvs" ......
Running "cp -f TechFiles/Calibre_LVS/calibre.rcx.5m8k1p0 Calibre/rcx/calibre.rcx" ......
Running "rm -rf ./TechFiles" ......
Found "/bl08_3par/users/yangjing/tsmc18_pro/PDK_setup/zip/tar/tsmc18_1p5m_1fF/models/hspice/temp.mdl"
Generating "/bl08_3par/users/yangjing/tsmc18_pro/PDK_setup/zip/tar/tsmc18_1p5m_1fF/models/hspice/hspice.mdl" .....
*Info: PDK installation completed.
